
 RUN  v4.0.18 C:/Users/rajkr/Downloads/files/Rental website

 Γ¥» src/app/pages/admin/AdminPage.test.tsx (3 tests | 3 failed) 5ms
     ├ù should show access denied for non-admin users 3ms
     ├ù should show dashboard for admin users 1ms
     ├ù should switch sections when clicking sidebar items 1ms
node.exe : 
At line:1 char:1
+ & "C:\Program Files\nodejs/node.exe" "C:\Program 
Files\nodejs/node_mo ...
+ ~~~~~~~~~~~~~~~~~~~~~~~~~~~~~~~~~~~~~~~~~~~~~~~~~~~~~~
~~~~~~~~~~~~~~~
    + CategoryInfo          : NotSpecified: (:String) [ 
   ], RemoteException
    + FullyQualifiedErrorId : NativeCommandError
 
ΓÄ»ΓÄ»ΓÄ»ΓÄ»ΓÄ»ΓÄ»ΓÄ» Failed Tests 3 
ΓÄ»ΓÄ»ΓÄ»ΓÄ»ΓÄ»ΓÄ»ΓÄ»

 FAIL  src/app/pages/admin/AdminPage.test.tsx > 
AdminPage > should show access denied for non-admin 
users
Error: Cannot find module '../../context/AppContext'
Require stack:
- C:\Users\rajkr\Downloads\files\Rental 
website\src\app\pages\admin\AdminPage.test.tsx
 Γ¥» src/app/pages/admin/AdminPage.test.tsx:64:35
     62|         // To test different user roles, we 
might need to mock the logΓÇª
     63| 
     64|         const { useAppContext } = 
require('../../context/AppContext');
       |                                   ^
     65|         vi.mock('../../context/AppContext', 
async () => {
     66|             const actual = await 
vi.importActual('../../context/AppConΓÇª

ΓÄ»ΓÄ»ΓÄ»ΓÄ»ΓÄ»ΓÄ»ΓÄ»ΓÄ»ΓÄ»ΓÄ»ΓÄ»ΓÄ»ΓÄ»ΓÄ»ΓÄ»ΓÄ»ΓÄ»ΓÄ»ΓÄ
»ΓÄ»ΓÄ»ΓÄ»ΓÄ»ΓÄ»[1/3]ΓÄ»

 FAIL  src/app/pages/admin/AdminPage.test.tsx > 
AdminPage > should show dashboard for admin users
Error: Cannot find module '../../context/AppContext'
Require stack:
- C:\Users\rajkr\Downloads\files\Rental 
website\src\app\pages\admin\AdminPage.test.tsx
 Γ¥» src/app/pages/admin/AdminPage.test.tsx:93:47
     91| 
     92|     it('should show dashboard for admin 
users', () => {
     93|         const { useAppContext: useMockCtx } = 
require('../../context/AΓÇª
       |                                               ^
     94|         useMockCtx.mockReturnValue({
     95|             currentUser: adminUser,

ΓÄ»ΓÄ»ΓÄ»ΓÄ»ΓÄ»ΓÄ»ΓÄ»ΓÄ»ΓÄ»ΓÄ»ΓÄ»ΓÄ»ΓÄ»ΓÄ»ΓÄ»ΓÄ»ΓÄ»ΓÄ»ΓÄ
»ΓÄ»ΓÄ»ΓÄ»ΓÄ»ΓÄ»[2/3]ΓÄ»

 FAIL  src/app/pages/admin/AdminPage.test.tsx > 
AdminPage > should switch sections when clicking 
sidebar items
Error: Cannot find module '../../context/AppContext'
Require stack:
- C:\Users\rajkr\Downloads\files\Rental 
website\src\app\pages\admin\AdminPage.test.tsx
 Γ¥» src/app/pages/admin/AdminPage.test.tsx:123:47
    121| 
    122|     it('should switch sections when clicking 
sidebar items', async () ΓÇª
    123|         const { useAppContext: useMockCtx } = 
require('../../context/AΓÇª
       |                                               ^
    124|         useMockCtx.mockReturnValue({
    125|             currentUser: adminUser,

ΓÄ»ΓÄ»ΓÄ»ΓÄ»ΓÄ»ΓÄ»ΓÄ»ΓÄ»ΓÄ»ΓÄ»ΓÄ»ΓÄ»ΓÄ»ΓÄ»ΓÄ»ΓÄ»ΓÄ»ΓÄ»ΓÄ
»ΓÄ»ΓÄ»ΓÄ»ΓÄ»ΓÄ»[3/3]ΓÄ»


 Test Files  1 failed (1)
      Tests  3 failed (3)
   Start at  10:39:21
   Duration  1.09s (transform 231ms, setup 69ms, import 440ms, tests 5ms, environment 466ms)

